// Jest Snapshot v1, https://goo.gl/fbAQLP

exports[`<MultipleCustomHook /> testing should render correctly 1`] = `
<div
  className="text-center p-5"
>
  <h1
    className="text-primary"
  >
    useFetch - BreakingBad
  </h1>
  <hr />
  <div
    className="text-center"
  >
    <div
      className="spinner-border"
      role="status"
    >
      <span
        className="sr-only"
      >
        Loading...
      </span>
    </div>
  </div>
</div>
`;
