// Jest Snapshot v1, https://goo.gl/fbAQLP

exports[`<HomeScreen /> testing should render correctly 1`] = `
<div>
  <h1>
    HomeScreen
  </h1>
  <hr />
  <pre>
    {
  "name": "David",
  "email": "daveepro@outlook.com"
}
  </pre>
</div>
`;
