// Jest Snapshot v1, https://goo.gl/fbAQLP

exports[`<LoginScreen /> testing should render correctly 1`] = `
<div>
  <h1>
    LoginScreen
  </h1>
  <hr />
  <button
    className="btn btn-success"
    onClick={[Function]}
  >
    Login
  </button>
</div>
`;
