// Jest Snapshot v1, https://goo.gl/fbAQLP

exports[`<TodoList /> testing should render correctly 1`] = `
<ul
  className="list-group text-left"
>
  <TodoListItem
    handleDelete={[MockFunction]}
    handleToogle={[MockFunction]}
    i={0}
    key="1"
    todo={
      Object {
        "desc": "Learning React",
        "done": true,
        "id": 1,
      }
    }
  />
  <TodoListItem
    handleDelete={[MockFunction]}
    handleToogle={[MockFunction]}
    i={1}
    key="2"
    todo={
      Object {
        "desc": "Learning Mongo",
        "done": false,
        "id": 2,
      }
    }
  />
</ul>
`;
