// Jest Snapshot v1, https://goo.gl/fbAQLP

exports[`<TodoListItem /> testing should render correctly 1`] = `
<li
  className="list-group-item d-flex justify-content-between align-items-center"
>
  <label
    className="complete mb-0"
    onClick={[Function]}
  >
    2
     - 
    Learning React
  </label>
  <button
    className="btn btn-danger btn-sm"
    onClick={[Function]}
  >
    X
  </button>
</li>
`;
